
=== BTC: n=333 train=233 test=100 (test с 2026-08-25), λ=100, WR train 0.614 / test 0.640
  log-loss test: const 0.655 | участник 0.637 | модель 0.660  (Δ модель−участник +0.023)
  AUC test: участник 0.600 | модель 0.532
  калибровка по терцилям P̂ (train-границы): низ n=45 P̂=0.523 факт=0.600 | сред n=35 P̂=0.616 факт=0.714 | верх n=20 P̂=0.685 факт=0.600
  гейт P̂<BE [nonBF]: test 39 сд, pnl +43.6$ → пропуск 25 сд (их pnl +21.6$, WR 0.760), остаток +22.0$ (WR 0.643), perm-p 0.397
  гейт P̂<BE [all]: test 100 сд, pnl +3.8$ → пропуск 72 сд (их pnl -16.4$, WR 0.667), остаток +20.2$ (WR 0.571), perm-p 0.302
  вторичный гейт «нижний квинтиль P̂» [nonBF]: пропуск 9, их pnl -4.0$, остаток +47.6$, perm-p 0.010
  веса (станд.): side +0.19, Sun +0.09, Fri -0.08, hSin1 +0.08, hCos2 -0.05, Mon +0.05

=== WTI: n=127 train=88 test=39 (test с 2026-08-20), λ=100, WR train 0.580 / test 0.641
  log-loss test: const 0.661 | участник 0.662 | модель 0.666  (Δ модель−участник +0.003)
  AUC test: участник 0.490 | модель 0.554
  калибровка по терцилям P̂ (train-границы): низ n=16 P̂=0.524 факт=0.625 | сред n=16 P̂=0.579 факт=0.625 | верх n=7 P̂=0.628 факт=0.714
  гейт P̂<BE [nonBF]: test 27 сд, pnl +89.6$ → пропуск 27 сд (их pnl +89.6$, WR 0.704), остаток +0.0$ (WR n/a), perm-p 1.000
  гейт P̂<BE [all]: test 39 сд, pnl +51.9$ → пропуск 39 сд (их pnl +51.9$, WR 0.641), остаток +0.0$ (WR n/a), perm-p 1.000
  вторичный гейт «нижний квинтиль P̂» [nonBF]: пропуск 4, их pnl -12.0$, остаток +101.6$, perm-p 0.177
  веса (станд.): Fri -0.10, lnVol +0.07, hSin1 -0.06, side +0.05, Tue +0.05, Sun +0.04

=== EUR: n=123 train=86 test=37 (test с 2026-08-19), λ=100, WR train 0.593 / test 0.486
  log-loss test: const 0.716 | участник 0.723 | модель 0.753  (Δ модель−участник +0.030)
  AUC test: участник 0.377 | модель 0.336
  калибровка по терцилям P̂ (train-границы): низ n=9 P̂=0.557 факт=0.667 | сред n=8 P̂=0.593 факт=0.625 | верх n=20 P̂=0.645 факт=0.350
  гейт P̂<BE [nonBF]: test 24 сд, pnl +2.2$ → пропуск 19 сд (их pnl +1.0$, WR 0.632), остаток +1.2$ (WR 0.600), perm-p 0.653
  гейт P̂<BE [all]: test 37 сд, pnl -10.6$ → пропуск 25 сд (их pnl -1.0$, WR 0.560), остаток -9.6$ (WR 0.333), perm-p 0.737
  вторичный гейт «нижний квинтиль P̂» [nonBF]: пропуск 2, их pnl +3.2$, остаток -1.0$, perm-p 1.000
  веса (станд.): hCos1 -0.08, hSin1 -0.06, hSin2 +0.05, Fri +0.04, side +0.03, Thu +0.02

=== GBPJPY: n=95 train=66 test=29 (test с 2026-08-18), λ=100, WR train 0.621 / test 0.517
  log-loss test: const 0.715 | участник 0.600 | модель 0.655  (Δ модель−участник +0.056)
  AUC test: участник 0.710 | модель 0.695
  калибровка по терцилям P̂ (train-границы): низ n=8 P̂=0.498 факт=0.125 | сред n=9 P̂=0.638 факт=0.667 | верх n=12 P̂=0.679 факт=0.667
  гейт P̂<BE [nonBF]: test 24 сд, pnl -16.7$ → пропуск 21 сд (их pnl -15.6$, WR 0.429), остаток -1.1$ (WR 0.667), perm-p 1.000
  гейт P̂<BE [all]: test 29 сд, pnl -16.9$ → пропуск 26 сд (их pnl -15.8$, WR 0.500), остаток -1.1$ (WR 0.667), perm-p 0.676
  вторичный гейт «нижний квинтиль P̂» [nonBF]: пропуск 7, их pnl -1.2$, остаток -15.5$, perm-p 1.000
  веса (станд.): lnSpread -0.11, side +0.08, hSin2 +0.07, Sun +0.05, hSin1 +0.04, Mon -0.04

=== РФ-пул: n=100 train=70 test=30 (test с 2026-09-08), λ=10, WR train 0.671 / test 0.500
  log-loss test: const 0.756 | участник 0.749 | модель 0.768  (Δ модель−участник +0.019)
  AUC test: участник 0.498 | модель 0.667
  калибровка по терцилям P̂ (train-границы): низ n=13 P̂=0.398 факт=0.308 | сред n=6 P̂=0.703 факт=0.500 | верх n=11 P̂=0.883 факт=0.727
  гейт P̂<BE [nonBF]: test 30 сд, pnl +16.3$ → пропуск 14 сд (их pnl -4.8$, WR 0.357), остаток +21.1$ (WR 0.625), perm-p 0.061
  гейт P̂<BE [all]: test 30 сд, pnl +16.3$ → пропуск 14 сд (их pnl -4.8$, WR 0.357), остаток +21.1$ (WR 0.625), perm-p 0.063
  вторичный гейт «нижний квинтиль P̂» [nonBF]: пропуск 10, их pnl +3.8$, остаток +12.5$, perm-p 0.222
  веса (станд.): Mon -0.50, Tue +0.33, side +0.28, Thu -0.23, hSin1 +0.18, hCos2 -0.17

=== ВСЁ (843): n=843 train=590 test=253 (test с 2026-08-24), λ=100, WR train 0.598 / test 0.593
  log-loss test: const 0.676 | участник 0.726 | модель 0.683  (Δ модель−участник -0.042)
  AUC test: участник 0.517 | модель 0.522
  калибровка по терцилям P̂ (train-границы): низ n=113 P̂=0.495 факт=0.566 | сред n=66 P̂=0.599 факт=0.636 | верх n=74 P̂=0.687 факт=0.595
  гейт P̂<BE [nonBF]: test 148 сд, pnl +191.5$ → пропуск 104 сд (их pnl +118.0$, WR 0.596), остаток +73.4$ (WR 0.659), perm-p 0.030
  гейт P̂<BE [all]: test 253 сд, pnl +104.6$ → пропуск 190 сд (их pnl +24.6$, WR 0.605), остаток +80.0$ (WR 0.556), perm-p 0.012
  вторичный гейт «нижний квинтиль P̂» [nonBF]: пропуск 27, их pnl +18.7$, остаток +172.7$, perm-p 0.006
  веса (станд.): side +0.17, Sun +0.16, lnSpread -0.08, hSin2 +0.07, Tue +0.07, Sat +0.05

=== устойчивость к точке сплита (nonBF): группа | frac | Δlog-loss vs участник | AUC | BE-гейт: Δpnl, perm-p, пропуск/test | квинтиль-гейт: Δpnl, perm-p, пропуск
  BTC        0.6  -0.018  0.539  | BE +22.4$ p=0.295 35/73 | Q20 +4.0$ p=0.147 9
  BTC        0.7  +0.023  0.532  | BE -21.6$ p=0.397 25/39 | Q20 +4.0$ p=0.010 9
  BTC        0.8  +0.031  0.562  | BE +4.8$ p=1.000 6/6 | Q20 +8.0$ p=0.503 1
  WTI        0.6  +0.002  0.502  | BE -89.6$ p=1.000 39/39 | Q20 +0.0$ p=0.337 6
  WTI        0.7  +0.003  0.554  | BE -89.6$ p=1.000 27/27 | Q20 +12.0$ p=0.177 4
  WTI        0.8  -0.009  0.592  | BE -157.5$ p=1.000 14/14 | Q20 +0.0$ p=1.000 0
  EUR        0.6  +0.095  0.369  | BE -6.8$ p=0.883 16/37 | Q20 -1.2$ p=0.701 5
  EUR        0.7  +0.030  0.336  | BE -1.0$ p=0.653 19/24 | Q20 -3.2$ p=1.000 2
  EUR        0.8  +0.064  0.403  | BE +4.6$ p=0.896 7/12 | Q20 -2.0$ p=1.000 2
  GBPJPY     0.6  +0.145  0.770  | BE +20.0$ p=1.000 18/33 | Q20 +3.1$ p=1.000 10
  GBPJPY     0.7  +0.056  0.695  | BE +15.6$ p=1.000 21/24 | Q20 +1.2$ p=1.000 7
  GBPJPY     0.8  +0.033  0.678  | BE +5.3$ p=0.509 6/14 | Q20 +0.3$ p=1.000 5
  РФ-пул     0.6  +0.022  0.664  | BE +1.9$ p=0.013 15/40 | Q20 -0.1$ p=0.056 11
  РФ-пул     0.7  +0.019  0.667  | BE +4.8$ p=0.061 14/30 | Q20 -3.8$ p=0.222 10
  РФ-пул     0.8  -0.134  0.573  | BE -7.5$ p=0.256 10/20 | Q20 -6.2$ p=0.119 9
  ВСЁ (843)  0.6  -0.005  0.524  | BE -125.3$ p=0.007 168/233 | Q20 -72.2$ p=0.084 43
  ВСЁ (843)  0.7  -0.042  0.522  | BE -118.0$ p=0.030 104/148 | Q20 -18.7$ p=0.006 27
  ВСЁ (843)  0.8  +0.018  0.538  | BE -28.0$ p=1.000 62/64 | Q20 -8.3$ p=0.155 11

=== описательно (вся выборка): WR по терцилям спреда / волы, по сессиям, по стороне
  BTC        спред — / — / 0.62(333) | вола 0.63(111) / 0.63(111) / 0.60(111) | сессии 0-7 0.66(96) 7-13 0.67(79) 13-21 0.57(134) 21-24 0.58(24) | BUY 0.69(156) SELL 0.56(177) | BF 0.59(61) live 0.63(272)
  WTI        спред — / — / 0.60(127) | вола 0.40(40) / 0.82(44) / 0.56(43) | сессии 0-7 0.63(24) 7-13 0.53(45) 13-21 0.62(52) 21-24 0.83(6) | BUY 0.61(56) SELL 0.59(71) | BF 0.50(12) live 0.61(115)
  EUR        спред 0.23(13) / — / 0.60(110) | вола 0.51(41) / 0.68(41) / 0.49(41) | сессии 0-7 0.13(8) 7-13 0.61(49) 13-21 0.57(65) 21-24 1.00(1) | BUY 0.49(53) SELL 0.61(70) | BF 0.23(13) live 0.60(110)
  GBPJPY     спред 0.80(5) / 0.61(54) / 0.53(36) | вола 0.32(31) / 0.75(32) / 0.69(32) | сессии 0-7 0.58(26) 7-13 0.63(24) 13-21 0.51(37) 21-24 0.88(8) | BUY 0.73(45) SELL 0.46(50) | BF 0.80(5) live 0.58(90)
  РФ-пул     спред 0.62(21) / 0.71(17) / 0.60(62) | вола 0.60(30) / 0.53(34) / 0.72(36) | сессии 0-7 — 7-13 0.64(59) 13-21 0.59(41) 21-24 — | BUY 0.68(41) SELL 0.58(59) | BF 0.80(5) live 0.61(95)
  ВСЁ (843)  спред 0.52(46) / 0.63(75) / 0.60(722) | вола 0.53(273) / 0.66(283) / 0.60(287) | сессии 0-7 0.61(168) 7-13 0.62(268) 13-21 0.57(364) 21-24 0.67(43) | BUY 0.64(390) SELL 0.56(453) | BF 0.56(105) live 0.60(738)
